// Jest Snapshot v1, https://goo.gl/fbAQLP

exports[`FormCrearPedidoUsuario test should match snapshot of crear pedidos 1`] = `
<div>
  <form>
    <h2>
      Form test
    </h2>
    <label>
      Productos Disponibles:
       
    </label>
    <select
      class="sc-AxhCb kUujfn"
      name="producto"
    >
      <option
        value="{\\"nombre\\":\\"Paella Española\\",\\"precio\\":40000,\\"detalle\\":\\"Verduras y sustituye\\"}"
      >
        Paella Española
      </option>
    </select>
    <label>
      Tipos de Reuniones:
       
    </label>
    <select
      class="sc-AxhCb kUujfn"
      name="reunion"
    >
      <option
        value="{\\"tipo\\":\\"TIPO_PEQUENA\\",\\"precio\\":25000}"
      >
        TIPO_PEQUENA
      </option>
      <option
        value="{\\"tipo\\":\\"TIPO_MEDIANA\\",\\"precio\\":50000}"
      >
        TIPO_MEDIANA
      </option>
      <option
        value="{\\"tipo\\":\\"TIPO_GRANDE\\",\\"precio\\":75000}"
      >
        TIPO_GRANDE
      </option>
    </select>
    <label>
      Fecha y hora de inicio del evento:
    </label>
    <div
      class="react-datepicker-wrapper"
    >
      <div
        class="react-datepicker__input-container"
      >
        <input
          class=""
          name="fechaRealizacion"
          type="text"
          value="January 21, 2022 3:00 PM"
        />
      </div>
    </div>
    <input
      class="sc-AxirZ eAukyj"
      name="fechaRealizacionAux"
      type="hidden"
      value="Fri Jan 21 2022 15:00:00 GMT-0500 (Colombia Standard Time)"
    />
    <input
      class="sc-AxirZ eAukyj"
      name="direccion"
      placeholder="Ingrese la Dirección del evento. (Solo en Medellín)"
      value=""
    />
    <input
      class="sc-AxirZ eAukyj"
      name="horasDeServicio"
      placeholder="Ingrese el numero Horas del servicio, (minimo 4 horas)"
      type="number"
      value="0"
    />
    <label
      for="valorTotalPedido"
    >
      Valor total de su pedido:
      65000
    </label>
    <button
      class="sc-AxjAm kgxTKy"
      type="submit"
    >
      Hacer Pedido
    </button>
  </form>
</div>
`;
