// Jest Snapshot v1, https://goo.gl/fbAQLP

exports[`FormCrearProducto test should match snapshot 1`] = `
<div>
  <form>
    <h2>
      Form test
    </h2>
    <input
      class="sc-AxirZ eAukyj"
      name="nombre"
      placeholder="Nombre"
      value=""
    />
    <input
      class="sc-AxirZ eAukyj"
      name="precio"
      placeholder="Precio"
      value=""
    />
    <input
      class="sc-AxirZ eAukyj"
      name="detalle"
      placeholder="Detalle"
      value=""
    />
    <button
      class="sc-AxjAm kgxTKy"
      type="submit"
    >
      Registrar Producto
    </button>
  </form>
</div>
`;
